2026-05-18 00:04:13,821 INFO PERFORMANCE:|0|0|-1|-1

2026-05-18 00:09:13,821 INFO PERFORMANCE:|0|0|-1|-1

2026-05-18 00:14:13,821 INFO PERFORMANCE:|0|0|-1|-1

2026-05-18 00:19:13,822 INFO PERFORMANCE:|0|0|-1|-1

2026-05-18 00:24:13,822 INFO PERFORMANCE:|0|0|-1|-1

2026-05-18 00:29:13,822 INFO PERFORMANCE:|0|0|-1|-1

2026-05-18 00:34:13,822 INFO PERFORMANCE:|0|0|-1|-1

2026-05-18 00:39:13,822 INFO PERFORMANCE:|0|0|-1|-1

2026-05-18 00:44:13,822 INFO PERFORMANCE:|0|0|-1|-1

2026-05-18 00:49:13,822 INFO PERFORMANCE:|0|0|-1|-1

2026-05-18 00:54:13,823 INFO PERFORMANCE:|0|0|-1|-1

2026-05-18 00:59:13,823 INFO PERFORMANCE:|0|0|-1|-1

2026-05-18 01:04:13,823 INFO PERFORMANCE:|0|0|-1|-1

2026-05-18 01:09:13,823 INFO PERFORMANCE:|0|0|-1|-1

2026-05-18 01:14:13,823 INFO PERFORMANCE:|0|0|-1|-1

2026-05-18 01:19:13,823 INFO PERFORMANCE:|0|0|-1|-1

2026-05-18 01:24:13,823 INFO PERFORMANCE:|0|0|-1|-1

2026-05-18 01:29:13,823 INFO PERFORMANCE:|0|0|-1|-1

2026-05-18 01:34:13,823 INFO PERFORMANCE:|0|0|-1|-1

2026-05-18 01:39:13,824 INFO PERFORMANCE:|0|0|-1|-1

2026-05-18 01:44:13,824 INFO PERFORMANCE:|0|0|-1|-1

2026-05-18 01:49:13,824 INFO PERFORMANCE:|0|0|-1|-1

2026-05-18 01:54:13,824 INFO PERFORMANCE:|0|0|-1|-1

2026-05-18 01:59:13,824 INFO PERFORMANCE:|0|0|-1|-1

2026-05-18 02:04:13,824 INFO PERFORMANCE:|0|0|-1|-1

2026-05-18 02:09:13,824 INFO PERFORMANCE:|0|0|-1|-1

2026-05-18 02:14:13,825 INFO PERFORMANCE:|0|0|-1|-1

2026-05-18 02:19:13,825 INFO PERFORMANCE:|0|0|-1|-1

2026-05-18 02:24:13,825 INFO PERFORMANCE:|0|0|-1|-1

2026-05-18 02:29:13,825 INFO PERFORMANCE:|0|0|-1|-1

2026-05-18 02:34:13,825 INFO PERFORMANCE:|0|0|-1|-1

2026-05-18 02:39:13,825 INFO PERFORMANCE:|0|0|-1|-1

2026-05-18 02:44:13,825 INFO PERFORMANCE:|0|0|-1|-1

2026-05-18 02:49:13,825 INFO PERFORMANCE:|0|0|-1|-1

2026-05-18 02:54:13,825 INFO PERFORMANCE:|0|0|-1|-1

2026-05-18 02:59:13,825 INFO PERFORMANCE:|0|0|-1|-1

2026-05-18 03:04:13,826 INFO PERFORMANCE:|0|0|-1|-1

2026-05-18 03:09:13,826 INFO PERFORMANCE:|0|0|-1|-1

2026-05-18 03:14:13,826 INFO PERFORMANCE:|0|0|-1|-1

2026-05-18 03:19:13,826 INFO PERFORMANCE:|0|0|-1|-1

2026-05-18 03:24:13,826 INFO PERFORMANCE:|0|0|-1|-1

2026-05-18 03:29:13,826 INFO PERFORMANCE:|0|0|-1|-1

2026-05-18 03:34:13,826 INFO PERFORMANCE:|0|0|-1|-1

2026-05-18 03:39:13,827 INFO PERFORMANCE:|0|0|-1|-1

2026-05-18 03:44:13,827 INFO PERFORMANCE:|0|0|-1|-1

2026-05-18 03:49:13,827 INFO PERFORMANCE:|0|0|-1|-1

2026-05-18 03:54:13,827 INFO PERFORMANCE:|0|0|-1|-1

2026-05-18 03:59:13,827 INFO PERFORMANCE:|0|0|-1|-1

2026-05-18 04:04:13,827 INFO PERFORMANCE:|0|0|-1|-1

2026-05-18 04:09:13,827 INFO PERFORMANCE:|0|0|-1|-1

2026-05-18 04:14:13,827 INFO PERFORMANCE:|0|0|-1|-1

2026-05-18 04:19:13,827 INFO PERFORMANCE:|0|0|-1|-1

2026-05-18 04:24:13,828 INFO PERFORMANCE:|0|0|-1|-1

2026-05-18 04:29:13,828 INFO PERFORMANCE:|0|0|-1|-1

2026-05-18 04:34:13,828 INFO PERFORMANCE:|0|0|-1|-1

2026-05-18 04:39:13,828 INFO PERFORMANCE:|0|0|-1|-1

2026-05-18 04:44:13,828 INFO PERFORMANCE:|0|0|-1|-1

2026-05-18 04:49:13,828 INFO PERFORMANCE:|0|0|-1|-1

2026-05-18 04:54:13,828 INFO PERFORMANCE:|0|0|-1|-1

2026-05-18 04:59:13,828 INFO PERFORMANCE:|0|0|-1|-1

2026-05-18 05:04:13,829 INFO PERFORMANCE:|0|0|-1|-1

2026-05-18 05:09:13,829 INFO PERFORMANCE:|0|0|-1|-1

2026-05-18 05:14:13,829 INFO PERFORMANCE:|0|0|-1|-1

2026-05-18 05:19:13,829 INFO PERFORMANCE:|0|0|-1|-1

2026-05-18 05:24:13,829 INFO PERFORMANCE:|0|0|-1|-1

2026-05-18 05:29:13,829 INFO PERFORMANCE:|0|0|-1|-1

2026-05-18 05:34:13,829 INFO PERFORMANCE:|0|0|-1|-1

2026-05-18 05:39:13,830 INFO PERFORMANCE:|0|0|-1|-1

2026-05-18 05:44:13,830 INFO PERFORMANCE:|0|0|-1|-1

2026-05-18 05:49:13,830 INFO PERFORMANCE:|0|0|-1|-1

2026-05-18 05:54:13,830 INFO PERFORMANCE:|0|0|-1|-1

2026-05-18 05:59:13,830 INFO PERFORMANCE:|0|0|-1|-1

2026-05-18 06:04:13,830 INFO PERFORMANCE:|0|0|-1|-1

2026-05-18 06:09:13,830 INFO PERFORMANCE:|0|0|-1|-1

2026-05-18 06:14:13,830 INFO PERFORMANCE:|0|0|-1|-1

2026-05-18 06:19:13,830 INFO PERFORMANCE:|0|0|-1|-1

2026-05-18 06:24:13,830 INFO PERFORMANCE:|0|0|-1|-1

2026-05-18 06:29:13,831 INFO PERFORMANCE:|0|0|-1|-1

2026-05-18 06:34:13,831 INFO PERFORMANCE:|0|0|-1|-1

2026-05-18 06:39:13,831 INFO PERFORMANCE:|0|0|-1|-1

2026-05-18 06:44:13,831 INFO PERFORMANCE:|0|0|-1|-1

2026-05-18 06:49:13,831 INFO PERFORMANCE:|0|0|-1|-1

2026-05-18 06:54:13,831 INFO PERFORMANCE:|0|0|-1|-1

2026-05-18 06:59:13,831 INFO PERFORMANCE:|0|0|-1|-1

2026-05-18 07:04:13,831 INFO PERFORMANCE:|0|0|-1|-1

2026-05-18 07:09:13,831 INFO PERFORMANCE:|0|0|-1|-1

2026-05-18 07:14:13,832 INFO PERFORMANCE:|0|0|-1|-1

2026-05-18 07:19:13,832 INFO PERFORMANCE:|0|0|-1|-1

2026-05-18 07:24:13,832 INFO PERFORMANCE:|0|0|-1|-1

2026-05-18 07:29:13,832 INFO PERFORMANCE:|0|0|-1|-1

2026-05-18 07:34:13,832 INFO PERFORMANCE:|0|0|-1|-1

2026-05-18 07:39:13,832 INFO PERFORMANCE:|0|0|-1|-1

2026-05-18 07:44:13,832 INFO PERFORMANCE:|0|0|-1|-1

2026-05-18 07:49:13,832 INFO PERFORMANCE:|0|0|-1|-1

2026-05-18 07:54:13,833 INFO PERFORMANCE:|0|0|-1|-1

2026-05-18 07:59:13,833 INFO PERFORMANCE:|0|0|-1|-1

2026-05-18 08:04:13,833 INFO PERFORMANCE:|0|0|-1|-1

2026-05-18 08:09:13,833 INFO PERFORMANCE:|0|0|-1|-1

2026-05-18 08:14:13,833 INFO PERFORMANCE:|0|0|-1|-1

2026-05-18 08:19:13,833 INFO PERFORMANCE:|0|0|-1|-1

2026-05-18 08:24:13,834 INFO PERFORMANCE:|0|0|-1|-1

2026-05-18 08:29:13,834 INFO PERFORMANCE:|0|0|-1|-1

2026-05-18 08:34:13,834 INFO PERFORMANCE:|0|0|-1|-1

2026-05-18 08:39:13,834 INFO PERFORMANCE:|0|0|-1|-1

2026-05-18 08:44:13,834 INFO PERFORMANCE:|0|0|-1|-1

2026-05-18 08:49:13,834 INFO PERFORMANCE:|0|0|-1|-1

2026-05-18 08:54:13,835 INFO PERFORMANCE:|0|0|-1|-1

2026-05-18 08:59:13,835 INFO PERFORMANCE:|0|0|-1|-1

2026-05-18 09:04:13,835 INFO PERFORMANCE:|0|0|-1|-1

2026-05-18 09:09:13,835 INFO PERFORMANCE:|0|0|-1|-1

2026-05-18 09:14:13,835 INFO PERFORMANCE:|0|0|-1|-1

2026-05-18 09:19:13,835 INFO PERFORMANCE:|0|0|-1|-1

2026-05-18 09:24:13,836 INFO PERFORMANCE:|0|0|-1|-1

2026-05-18 09:29:13,836 INFO PERFORMANCE:|0|0|-1|-1

2026-05-18 09:34:13,836 INFO PERFORMANCE:|0|0|-1|-1

2026-05-18 09:39:13,836 INFO PERFORMANCE:|0|0|-1|-1

2026-05-18 09:44:13,836 INFO PERFORMANCE:|0|0|-1|-1

2026-05-18 09:49:13,836 INFO PERFORMANCE:|0|0|-1|-1

2026-05-18 09:54:13,836 INFO PERFORMANCE:|0|0|-1|-1

2026-05-18 09:59:13,836 INFO PERFORMANCE:|0|0|-1|-1

2026-05-18 10:04:13,836 INFO PERFORMANCE:|0|0|-1|-1

2026-05-18 10:09:13,836 INFO PERFORMANCE:|0|0|-1|-1

2026-05-18 10:14:13,837 INFO PERFORMANCE:|0|0|-1|-1

2026-05-18 10:19:13,837 INFO PERFORMANCE:|0|0|-1|-1

2026-05-18 10:24:13,837 INFO PERFORMANCE:|0|0|-1|-1

2026-05-18 10:29:13,837 INFO PERFORMANCE:|0|0|-1|-1

2026-05-18 10:34:13,837 INFO PERFORMANCE:|0|0|-1|-1

2026-05-18 10:39:13,837 INFO PERFORMANCE:|0|0|-1|-1

2026-05-18 10:44:13,837 INFO PERFORMANCE:|0|0|-1|-1

2026-05-18 10:49:13,837 INFO PERFORMANCE:|0|0|-1|-1

2026-05-18 10:54:13,837 INFO PERFORMANCE:|0|0|-1|-1

2026-05-18 10:59:13,838 INFO PERFORMANCE:|0|0|-1|-1

2026-05-18 11:04:13,838 INFO PERFORMANCE:|0|0|-1|-1

2026-05-18 11:09:13,838 INFO PERFORMANCE:|0|0|-1|-1

2026-05-18 11:14:13,838 INFO PERFORMANCE:|0|0|-1|-1

2026-05-18 11:19:13,838 INFO PERFORMANCE:|0|0|-1|-1

2026-05-18 11:24:13,838 INFO PERFORMANCE:|0|0|-1|-1

2026-05-18 11:29:13,838 INFO PERFORMANCE:|0|0|-1|-1

2026-05-18 11:34:13,838 INFO PERFORMANCE:|0|0|-1|-1

2026-05-18 11:39:13,838 INFO PERFORMANCE:|0|0|-1|-1

2026-05-18 11:44:13,839 INFO PERFORMANCE:|0|0|-1|-1

2026-05-18 11:49:13,839 INFO PERFORMANCE:|0|0|-1|-1

2026-05-18 11:54:13,839 INFO PERFORMANCE:|0|0|-1|-1

2026-05-18 11:59:13,839 INFO PERFORMANCE:|0|0|-1|-1

2026-05-18 12:04:13,839 INFO PERFORMANCE:|0|0|-1|-1

2026-05-18 12:09:13,839 INFO PERFORMANCE:|0|0|-1|-1

2026-05-18 12:14:13,839 INFO PERFORMANCE:|0|0|-1|-1

2026-05-18 12:19:13,839 INFO PERFORMANCE:|0|0|-1|-1

2026-05-18 12:24:13,840 INFO PERFORMANCE:|0|0|-1|-1

2026-05-18 12:29:13,840 INFO PERFORMANCE:|0|0|-1|-1

2026-05-18 12:34:13,840 INFO PERFORMANCE:|0|0|-1|-1

2026-05-18 12:39:13,840 INFO PERFORMANCE:|0|0|-1|-1

2026-05-18 12:44:13,840 INFO PERFORMANCE:|0|0|-1|-1

2026-05-18 12:49:13,840 INFO PERFORMANCE:|0|0|-1|-1

2026-05-18 12:54:13,840 INFO PERFORMANCE:|0|0|-1|-1

2026-05-18 12:59:13,840 INFO PERFORMANCE:|0|0|-1|-1

2026-05-18 13:04:13,841 INFO PERFORMANCE:|0|0|-1|-1

2026-05-18 13:09:13,841 INFO PERFORMANCE:|0|0|-1|-1

2026-05-18 13:14:13,841 INFO PERFORMANCE:|0|0|-1|-1

2026-05-18 13:19:13,841 INFO PERFORMANCE:|0|0|-1|-1

2026-05-18 13:24:13,841 INFO PERFORMANCE:|0|0|-1|-1

2026-05-18 13:29:13,841 INFO PERFORMANCE:|0|0|-1|-1

2026-05-18 13:34:13,841 INFO PERFORMANCE:|0|0|-1|-1

2026-05-18 13:39:13,841 INFO PERFORMANCE:|0|0|-1|-1

2026-05-18 13:44:13,841 INFO PERFORMANCE:|0|0|-1|-1

2026-05-18 13:49:13,842 INFO PERFORMANCE:|0|0|-1|-1

2026-05-18 13:54:13,842 INFO PERFORMANCE:|0|0|-1|-1

2026-05-18 13:59:13,842 INFO PERFORMANCE:|0|0|-1|-1

2026-05-18 14:04:13,842 INFO PERFORMANCE:|0|0|-1|-1

2026-05-18 14:09:13,842 INFO PERFORMANCE:|0|0|-1|-1

2026-05-18 14:14:13,842 INFO PERFORMANCE:|0|0|-1|-1

2026-05-18 14:19:13,842 INFO PERFORMANCE:|0|0|-1|-1

2026-05-18 14:24:13,842 INFO PERFORMANCE:|0|0|-1|-1

2026-05-18 14:29:13,842 INFO PERFORMANCE:|0|0|-1|-1

2026-05-18 14:34:13,843 INFO PERFORMANCE:|0|0|-1|-1

2026-05-18 14:39:13,843 INFO PERFORMANCE:|0|0|-1|-1

2026-05-18 14:44:13,843 INFO PERFORMANCE:|0|0|-1|-1

2026-05-18 14:49:13,843 INFO PERFORMANCE:|0|0|-1|-1

2026-05-18 14:54:13,843 INFO PERFORMANCE:|0|0|-1|-1

2026-05-18 14:59:13,843 INFO PERFORMANCE:|0|0|-1|-1

2026-05-18 15:04:13,843 INFO PERFORMANCE:|0|0|-1|-1

2026-05-18 15:09:13,843 INFO PERFORMANCE:|0|0|-1|-1

2026-05-18 15:14:13,843 INFO PERFORMANCE:|0|0|-1|-1

2026-05-18 15:19:13,843 INFO PERFORMANCE:|0|0|-1|-1

2026-05-18 15:24:13,844 INFO PERFORMANCE:|0|0|-1|-1

2026-05-18 15:29:13,844 INFO PERFORMANCE:|0|0|-1|-1

2026-05-18 15:34:13,844 INFO PERFORMANCE:|0|0|-1|-1

2026-05-18 15:39:13,844 INFO PERFORMANCE:|0|0|-1|-1

2026-05-18 15:44:13,844 INFO PERFORMANCE:|0|0|-1|-1

2026-05-18 15:49:13,844 INFO PERFORMANCE:|0|0|-1|-1

2026-05-18 15:54:13,844 INFO PERFORMANCE:|0|0|-1|-1

2026-05-18 15:59:13,844 INFO PERFORMANCE:|0|0|-1|-1

2026-05-18 16:04:13,845 INFO PERFORMANCE:|0|0|-1|-1

2026-05-18 16:09:13,845 INFO PERFORMANCE:|0|0|-1|-1

2026-05-18 16:14:13,845 INFO PERFORMANCE:|0|0|-1|-1

2026-05-18 16:19:13,845 INFO PERFORMANCE:|0|0|-1|-1

2026-05-18 16:24:13,845 INFO PERFORMANCE:|0|0|-1|-1

2026-05-18 16:29:13,845 INFO PERFORMANCE:|0|0|-1|-1

